// Vitest Snapshot v1, https://vitest.dev/guide/snapshot.html

exports[`SelectGoal screen > shows goal options for a browser framework > select-goal 1`] = `
" Confidence by Spotify                                              https://confidence.spotify.com/

 Choose features                                                      Todo (4/6)

 Toggle Confidence features to integrate with your project.           ● Check your system
                                                                      ● Sign in to Confidence
 ◆ Event Tracking works best with Confidence Cloud or an existing     ● Set up your AI agent
 warehouse setup.                                                     ● Connect Confidence tools
                                                                      ▶ Choose features
                                                                      ○ Set up your project


 ──────────────────────────────────────────────────────────────────────────────────────────────────
 Toggle features to set up:

 ❯ Feature Flags
   Event Tracking
   Session Recordings (β)

 ↑↓ navigate   space toggle   enter confirm   esc change agent                               vX.Y.Z"
`;
