// Vitest Snapshot v1, https://vitest.dev/guide/snapshot.html

exports[`SelectGoal screen > shows goal options for a browser framework > select-goal 1`] = `
" Confidence by Spotify                                              https://confidence.spotify.com/

 Select the features you'd like to set up                             Todo (4/5)

 Toggle Confidence features to integrate with your project.           ● Check system
                                                                      ● Sign in to Confidence
 ◆ Event Tracking works best with a managed warehouse or an           ● Set up your agent
 existing warehouse setup.                                            ● Connect tools
                                                                      ▶ Onboard project
 ◆ Session Recordings (β) require the feature to be enabled on your
 Confidence account.


 ──────────────────────────────────────────────────────────────────────────────────────────────────
 Toggle features to set up:

 ❯ Feature Flags
   Event Tracking
   Session Recordings (β)

 ↑↓ navigate   space toggle   enter confirm                                                  vX.Y.Z"
`;
